functions × callers
  PASS  anonymous base               → 209  (expected 209)
  PASS  anonymous listMonth          → 209  (expected 209)
  PASS  anonymous report             → 209  (expected 209)
  PASS  anonymous createAccount      → 209  (expected 209)
  PASS  anonymous updateAccount      → 209  (expected 209)
  PASS  anonymous deleteAccount      → 209  (expected 209)
  PASS  anonymous createCategory     → 209  (expected 209)
  PASS  anonymous updateCategory     → 209  (expected 209)
  PASS  anonymous deleteCategory     → 209  (expected 209)
  PASS  anonymous createTransaction  → 209  (expected 209)
  PASS  anonymous updateTransaction  → 209  (expected 209)
  PASS  anonymous setPaid            → 209  (expected 209)
  PASS  anonymous deleteTransaction  → 209  (expected 209)
  PASS  norole    base               → 119  (expected 119)
  PASS  norole    listMonth          → 119  (expected 119)
  PASS  norole    report             → 119  (expected 119)
  PASS  norole    createAccount      → 119  (expected 119)
  PASS  norole    updateAccount      → 119  (expected 119)
  PASS  norole    deleteAccount      → 119  (expected 119)
  PASS  norole    createCategory     → 119  (expected 119)
  PASS  norole    updateCategory     → 119  (expected 119)
  PASS  norole    deleteCategory     → 119  (expected 119)
  PASS  norole    createTransaction  → 119  (expected 119)
  PASS  norole    updateTransaction  → 119  (expected 119)
  PASS  norole    setPaid            → 119  (expected 119)
  PASS  norole    deleteTransaction  → 119  (expected 119)
  PASS  viewer    base               → ok   (expected ok)
  PASS  viewer    listMonth          → ok   (expected ok)
  PASS  viewer    report             → ok   (expected ok)
  PASS  viewer    createAccount      → 119  (expected 119)
  PASS  viewer    updateAccount      → 119  (expected 119)
  PASS  viewer    deleteAccount      → 119  (expected 119)
  PASS  viewer    createCategory     → 119  (expected 119)
  PASS  viewer    updateCategory     → 119  (expected 119)
  PASS  viewer    deleteCategory     → 119  (expected 119)
  PASS  viewer    createTransaction  → 119  (expected 119)
  PASS  viewer    updateTransaction  → 119  (expected 119)
  PASS  viewer    setPaid            → 119  (expected 119)
  PASS  viewer    deleteTransaction  → 119  (expected 119)
  PASS  finance   base               → ok   (expected ok)
  PASS  finance   listMonth          → ok   (expected ok)
  PASS  finance   report             → ok   (expected ok)
  PASS  finance   createAccount      → ok   (expected ok)
  PASS  finance   updateAccount      → ok   (expected ok)
  PASS  finance   deleteAccount      → ok   (expected ok)
  PASS  finance   createCategory     → ok   (expected ok)
  PASS  finance   updateCategory     → ok   (expected ok)
  PASS  finance   deleteCategory     → ok   (expected ok)
  PASS  finance   createTransaction  → ok   (expected ok)
  PASS  finance   updateTransaction  → ok   (expected ok)
  PASS  finance   setPaid            → ok   (expected ok)
  PASS  finance   deleteTransaction  → ok   (expected ok)

direct class access (JavaScript key, no Cloud Code)
  PASS  anonymous GET /classes/Account → 119 (expected 119)
  PASS  anonymous GET /classes/Category → 119 (expected 119)
  PASS  anonymous GET /classes/Transaction → 119 (expected 119)
  PASS  anonymous GET /classes/Snapshot → 119 (expected 119)
  PASS  anonymous POST /classes/Transaction → 119 (expected 119)
  PASS  viewer    GET /classes/Account → 119 (expected 119)
  PASS  viewer    GET /classes/Category → 119 (expected 119)
  PASS  viewer    GET /classes/Transaction → 119 (expected 119)
  PASS  viewer    GET /classes/Snapshot → 119 (expected 119)
  PASS  viewer    POST /classes/Transaction → 119 (expected 119)
  PASS  finance   GET /classes/Account → 119 (expected 119)
  PASS  finance   GET /classes/Category → 119 (expected 119)
  PASS  finance   GET /classes/Transaction → 119 (expected 119)
  PASS  finance   GET /classes/Snapshot → 119 (expected 119)
  PASS  finance   POST /classes/Transaction → 119 (expected 119)

roles
  PASS  viewer    GET /roles → 119 (expected 119)
  PASS  viewer    PUT /roles/finance add member → 119 (expected 119/101)
  PASS  finance   GET /roles → 119 (expected 119)
  PASS  finance   PUT /roles/finance add member → 119 (expected 119/101)

identity
  PASS  demo (viewer) user is locked
  PASS  locked user changes own password → 119 (expected 119)
  PASS  locked user changes own e-mail → 119 (expected 119)
  PASS  locked user changes own username → 119 (expected 119)
  PASS  locked user unlocks itself → 119 (expected 119)
  PASS  locked user deletes itself → 119 (expected 119)
  PASS  regular user changes own e-mail → ok (expected ok)
  PASS  regular user locks itself → 119 (expected 119)
  PASS  regular user edits another user → 206 (expected 101 or 206: not visible / not own session)
  PASS  regular user deletes itself → 119 (expected 119)
  PASS  public sign-up → 119 (expected 119)
  INFO  password reset request for the demo user → accepted (e-mail goes to a mailbox we control)

82 passed, 0 failed
